PHPUnit 11.5.55 by Sebastian Bergmann and contributors.

Runtime:       PHP 8.4.19
Configuration: F:\Sunnah\Project\ZNAntigravity\phpunit.xml

."Test session admin_last_activity: 2026-07-16 03:48:48" // tests\Feature\AdminSessionInactivityTest.php:56
"Test auth check: 1" // tests\Feature\AdminSessionInactivityTest.php:57
F.                                                                 3 / 3 (100%)

Time: 00:01.456, Memory: 40.00 MB

There was 1 failure:

1) Tests\Feature\AdminSessionInactivityTest::test_admin_middleware_logs_out_after_3_hours_inactivity
Expected response status code [201, 301, 302, 303, 307, 308] but received 200.
Failed asserting that false is true.

F:\Sunnah\Project\ZNAntigravity\vendor\laravel\framework\src\Illuminate\Testing\TestResponseAssert.php:45
F:\Sunnah\Project\ZNAntigravity\vendor\laravel\framework\src\Illuminate\Testing\TestResponse.php:200
F:\Sunnah\Project\ZNAntigravity\tests\Feature\AdminSessionInactivityTest.php:59

FAILURES!
Tests: 3, Assertions: 6, Failures: 1.
